Testing bitstr:f21/1 ...
=== INPUTS THAT LEAD TO RUNTIME ERRORS ===
#1 bitstr:f21(<<0,42:7>>)
