Testing bitstr:f11/1 ...
=== Inputs That Lead to Runtime Errors ===
#1 bitstr:f11(42)
