Testing bitstr:f27/2 ...
NO RUNTIME ERRORS OCCURED
