Testing bitstr:f36/1 ...
No Runtime Errors Occured
