Testing bitstr:f34/2 ...
NO RUNTIME ERRORS OCCURED
