Testing bitstr:f24/2 ...
=== Inputs That Lead to Runtime Errors ===
#1 bitstr:f24(<<42:6>>, 6)
#2 bitstr:f24(<<42:6>>, 6)
