Testing bitstr:byte_sz/1 ...
=== Inputs That Lead to Runtime Errors ===
#1 bitstr:byte_sz(<<0,0:1>>)
