Testing bitstr:f35/1 ...
No Runtime Errors Occured
