Testing bitstr:bsr_big/1 ...
=== Inputs That Lead to Runtime Errors ===
#1 bitstr:bsr_big(1975308624197536)
#2 bitstr:bsr_big(1975308624197530862419753086256)
#3 bitstr:bsr_big(19753086241975308624197530862419753086241975308624197530862419753086256)
