Testing bitstr:f23/2 ...
INPUTS THAT LEAD TO RUNTIME ERRORS
#1 bitstr:f23(9, 5)
