Testing bitstr:bit_sz/1 ...
=== Inputs That Lead to Runtime Errors ===
#1 bitstr:bit_sz(<<0:4>>)
