Testing bitstr:f33/4 ...
INPUTS THAT LEAD TO RUNTIME ERRORS
#1 bitstr:f33(<<0:1>>, 0, 0, <<0:1>>)
