Testing bitstr:f22/2 ...
=== INPUTS THAT LEAD TO RUNTIME ERRORS ===
#1 bitstr:f22(<<42:6>>, 6)
