Testing bitstr:fband2_neg/2 ...
=== Inputs That Lead to Runtime Errors ===
#1 bitstr:fband2_neg(-1298114088876869206436467930326479, -1227781192769208556173848975922)
