Testing bitstr:fband2/2 ...
=== Inputs That Lead to Runtime Errors ===
#1 bitstr:fband2(1267650600228229401496703205376, 1267650600228229401496703205376)
