Testing bitstr:fband_neg/2 ...
=== Inputs That Lead to Runtime Errors ===
#1 bitstr:fband_neg(-10, -34)
