Testing collection:f/1 ...
=== INPUTS THAT LEAD TO RUNTIME ERRORS ===
#1 collection:f([17,17,42])
