Testing collection:f1/1 ...
=== INPUTS THAT LEAD TO RUNTIME ERRORS ===
#1 collection:f1(38.86)
