Testing collection:trunc1/1 ...
=== Inputs That Lead to Runtime Errors ===
#1 collection:trunc1(2.75)
