Testing funs:f41/3 ...
=== Inputs That Lead to Runtime Errors ===
#1 funs:f41(fun(_) -> 4 end, 2, 3)
#2 funs:f41(fun(_) -> fun(_) -> 42 end end, 2, 3)
