Testing funs:f91/3 ...
=== INPUTS THAT LEAD TO RUNTIME ERRORS ===
#1 funs:f91(1, 1, 1)
#2 funs:f91(1, 1, 2)
#3 funs:f91({'__lambda',1,[{[2],42}],42}, 2, 1)
#4 funs:f91({'__lambda',2,[{[1,1],42}],42}, 1, 2)
