Testing funs:f3ws/3 ...
No Runtime Errors Occured
