Testing funs:f2ws/3 ...
No Runtime Errors Occured
