Testing funs:f5ws/4 ...
No Runtime Errors Occured
