Testing funs:f92/2 ...
=== INPUTS THAT LEAD TO RUNTIME ERRORS ===
#1 funs:f92(1, 1)
#2 funs:f92(fun(2) -> 42; (_) -> 42 end, 2)
#3 funs:f92(fun(1,1) -> 42; (_,_) -> 42 end, 1)
