Testing funs:f13b/2 ...
=== Inputs That Lead to Runtime Errors ===
#1 funs:f13b(fun(_) -> 1 end, <<5>>)
#2 funs:f13b(fun(_) -> 10 end, <<5:6>>)
