Testing whitelist:g/1 ...
INPUTS THAT LEAD TO RUNTIME ERRORS
#1 whitelist:g(4242)
