Testing whitelist:k/1 ...
=== INPUTS THAT LEAD TO RUNTIME ERRORS ===
#1 whitelist:k(42)
